// Vitest Snapshot v1, https://vitest.dev/guide/snapshot.html

exports[`LabelText > renders snapshot 1`] = `
<div>
  <span
    class="
      label-text-component
      
      
      
      className-test
      "
  >
    text-test:
  </span>
</div>
`;
